// Vitest Snapshot v1

exports[`Code > should render code 1`] = `
<body>
  <div>
     
    <div
      class="whitespace-pre overflow-auto h-full max-h-[50vh] my-1 rounded-lg py-2 px-4 bg-black"
    >
      <pre>
        <code
          class="language-python"
        >
          <span
            class="token keyword"
          >
            import
          </span>
           meerkat 
          <span
            class="token keyword"
          >
            as
          </span>
           mk
df 
          <span
            class="token operator"
          >
            =
          </span>
           mk
          <span
            class="token punctuation"
          >
            .
          </span>
          <span
            class="token function"
          >
            DataFrame
          </span>
          <span
            class="token punctuation"
          >
            (
          </span>
          <span
            class="token punctuation"
          >
            )
          </span>
          

          <span
            class="token function"
          >
            print
          </span>
          <span
            class="token punctuation"
          >
            (
          </span>
          df
          <span
            class="token punctuation"
          >
            )
          </span>
        </code>
      </pre>
    </div>
    <!--&lt;Code&gt;-->
  </div>
</body>
`;
